
> slotpe@0.1.0 build
> next build

  Γû▓ Next.js 14.2.0
  - Environments: .env.local

   Creating an optimized production build ...
npm.cmd : Failed to compile.
At line:1 char:1
+ npm.cmd run build > build_output.txt 2>&1
+ ~~~~~~~~~~~~~~~~~~~~~~~~~~~~~~~~~~~~~~~~~
    + CategoryInfo          : NotSpecified: (Failed to compile.:String) [], RemoteException
    + FullyQualifiedErrorId : NativeCommandError
 

./app/globals.css.webpack[javascript/auto]!=!./node_modules/next/dist/build/webpack/loaders/css-loader/src/index.js??ru
leSet[1].rules[13].oneOf[12].use[2]!./node_modules/next/dist/build/webpack/loaders/postcss-loader/src/index.js??ruleSet
[1].rules[13].oneOf[12].use[3]!./app/globals.css
Error [ERR_UNSUPPORTED_ESM_URL_SCHEME]: Only URLs with a scheme in: file, data, and node are supported by the default 
ESM loader. On Windows, absolute paths must be valid file:// URLs. Received protocol 'd:'
    at throwIfUnsupportedURLScheme (node:internal/modules/esm/load:184:11)
    at defaultLoad (node:internal/modules/esm/load:82:3)
    at ModuleLoader.load (node:internal/modules/esm/loader:803:12)
    at ModuleLoader.loadAndTranslate (node:internal/modules/esm/loader:582:43)
    at #createModuleJob (node:internal/modules/esm/loader:606:36)
    at #getJobFromResolveResult (node:internal/modules/esm/loader:340:34)
    at ModuleLoader.getModuleJobForImport (node:internal/modules/esm/loader:308:41)
    at async onImport.tracePromise.__proto__ (node:internal/modules/esm/loader:646:25)

Import trace for requested module:
./app/globals.css.webpack[javascript/auto]!=!./node_modules/next/dist/build/webpack/loaders/css-loader/src/index.js??ru
leSet[1].rules[13].oneOf[12].use[2]!./node_modules/next/dist/build/webpack/loaders/postcss-loader/src/index.js??ruleSet
[1].rules[13].oneOf[12].use[3]!./app/globals.css
./app/globals.css

./app/globals.css
Error [ERR_UNSUPPORTED_ESM_URL_SCHEME]: Only URLs with a scheme in: file, data, and node are supported by the default 
ESM loader. On Windows, absolute paths must be valid file:// URLs. Received protocol 'd:'
    at throwIfUnsupportedURLScheme (node:internal/modules/esm/load:184:11)
    at defaultLoad (node:internal/modules/esm/load:82:3)
    at ModuleLoader.load (node:internal/modules/esm/loader:803:12)
    at ModuleLoader.loadAndTranslate (node:internal/modules/esm/loader:582:43)
    at #createModuleJob (node:internal/modules/esm/loader:606:36)
    at #getJobFromResolveResult (node:internal/modules/esm/loader:340:34)
    at ModuleLoader.getModuleJobForImport (node:internal/modules/esm/loader:308:41)
    at async onImport.tracePromise.__proto__ (node:internal/modules/esm/loader:646:25)
    at tryRunOrWebpackError (D:\Slotpe\node_modules\next\dist\compiled\webpack\bundle5.js:28:312989)
    at __webpack_require_module__ (D:\Slotpe\node_modules\next\dist\compiled\webpack\bundle5.js:28:131165)
    at __nested_webpack_require_153728__ (D:\Slotpe\node_modules\next\dist\compiled\webpack\bundle5.js:28:130607)
    at D:\Slotpe\node_modules\next\dist\compiled\webpack\bundle5.js:28:131454
    at symbolIterator (D:\Slotpe\node_modules\next\dist\compiled\neo-async\async.js:1:14444)
    at done (D:\Slotpe\node_modules\next\dist\compiled\neo-async\async.js:1:14824)
    at Hook.eval [as callAsync] (eval at create 
(D:\Slotpe\node_modules\next\dist\compiled\webpack\bundle5.js:13:28858), <anonymous>:15:1)
    at Hook.CALL_ASYNC_DELEGATE [as _callAsync] (D:\Slotpe\node_modules\next\dist\compiled\webpack\bundle5.js:13:26012)
    at D:\Slotpe\node_modules\next\dist\compiled\webpack\bundle5.js:28:130328
    at symbolIterator (D:\Slotpe\node_modules\next\dist\compiled\neo-async\async.js:1:14402)
-- inner error --
Error [ERR_UNSUPPORTED_ESM_URL_SCHEME]: Only URLs with a scheme in: file, data, and node are supported by the default 
ESM loader. On Windows, absolute paths must be valid file:// URLs. Received protocol 'd:'
    at throwIfUnsupportedURLScheme (node:internal/modules/esm/load:184:11)
    at defaultLoad (node:internal/modules/esm/load:82:3)
    at ModuleLoader.load (node:internal/modules/esm/loader:803:12)
    at ModuleLoader.loadAndTranslate (node:internal/modules/esm/loader:582:43)
    at #createModuleJob (node:internal/modules/esm/loader:606:36)
    at #getJobFromResolveResult (node:internal/modules/esm/loader:340:34)
    at ModuleLoader.getModuleJobForImport (node:internal/modules/esm/loader:308:41)
    at async onImport.tracePromise.__proto__ (node:internal/modules/esm/loader:646:25)
    at Object.<anonymous> (D:\Slotpe\node_modules\next\dist\build\webpack\loaders\css-loader\src\index.js??ruleSet[1].r
ules[13].oneOf[12].use[2]!D:\Slotpe\node_modules\next\dist\build\webpack\loaders\postcss-loader\src\index.js??ruleSet[1
].rules[13].oneOf[12].use[3]!D:\Slotpe\app\globals.css:1:7)
    at D:\Slotpe\node_modules\next\dist\compiled\webpack\bundle5.js:28:922493
    at Hook.eval [as call] (eval at create (D:\Slotpe\node_modules\next\dist\compiled\webpack\bundle5.js:13:28636), 
<anonymous>:7:1)
    at Hook.CALL_DELEGATE [as _call] (D:\Slotpe\node_modules\next\dist\compiled\webpack\bundle5.js:13:25906)
    at D:\Slotpe\node_modules\next\dist\compiled\webpack\bundle5.js:28:131198
    at tryRunOrWebpackError (D:\Slotpe\node_modules\next\dist\compiled\webpack\bundle5.js:28:312943)
    at __webpack_require_module__ (D:\Slotpe\node_modules\next\dist\compiled\webpack\bundle5.js:28:131165)
    at __nested_webpack_require_153728__ (D:\Slotpe\node_modules\next\dist\compiled\webpack\bundle5.js:28:130607)
    at D:\Slotpe\node_modules\next\dist\compiled\webpack\bundle5.js:28:131454
    at symbolIterator (D:\Slotpe\node_modules\next\dist\compiled\neo-async\async.js:1:14444)

Generated code for D:\Slotpe\node_modules\next\dist\build\webpack\loaders\css-loader\src\index.js??ruleSet[1].rules[13]
.oneOf[12].use[2]!D:\Slotpe\node_modules\next\dist\build\webpack\loaders\postcss-loader\src\index.js??ruleSet[1].rules[
13].oneOf[12].use[3]!D:\Slotpe\app\globals.css

Import trace for requested module:
./app/globals.css


> Build failed because of webpack errors
